Command: C:\Espressif\python_env\idf5.5_py3.11_env\Scripts\python.exe C:\Espressif\frameworks\esp-idf-v5.5.2-2\tools/idf_monitor.py -p COM10 -b 115200 --toolchain-prefix xtensa-esp32-elf- --target esp32 --revision 0 C:\Users\Ajay Sikarwar\OneDrive - Ceinsys Tech Ltd\Desktop\esp32_OTA\ESP32_OTA\build\ESP32_OTA.elf C:\Users\Ajay Sikarwar\OneDrive - Ceinsys Tech Ltd\Desktop\esp32_OTA\ESP32_OTA\build\bootloader\bootloader.elf --force-color -m 'C:\Espressif\python_env\idf5.5_py3.11_env\Scripts\python.exe' 'C:\Espressif\frameworks\esp-idf-v5.5.2-2\tools\idf.py'
ets Jul 29 2019 12:21:46

rst:0x1 (POWERON_RESET),boot:0x13 (SPI_FAST_FLASH_BOOT)
configsip: 0, SPIWP:0xee
clk_drv:0x00,q_drv:0x00,d_drv:0x00,cs0_drv:0x00,hd_drv:0x00,wp_drv:0x00
mode:DIO, clock div:2
load:0x3fff0030,len:6384
load:0x40078000,len:15916
load:0x40080400,len:3920
entry 0x40080644
[0;32mI (27) boot: ESP-IDF v5.5.2 2nd stage bootloader[0m
[0;32mI (27) boot: compile time Feb 19 2026 14:37:34[0m
[0;32mI (27) boot: Multicore bootloader[0m
[0;32mI (29) boot: chip revision: v3.1[0m
[0;32mI (32) boot.esp32: SPI Speed      : 40MHz[0m
[0;32mI (35) boot.esp32: SPI Mode       : DIO[0m
[0;32mI (39) boot.esp32: SPI Flash Size : 4MB[0m
[0;32mI (42) boot: Enabling RNG early entropy source...[0m
[0;32mI (47) boot: Partition Table:[0m
[0;32mI (49) boot: ## Label            Usage          Type ST Offset   Length[0m
[0;32mI (56) boot:  0 nvs              WiFi data        01 02 00009000 00004000[0m
[0;32mI (62) boot:  1 otadata          OTA data         01 00 0000d000 00002000[0m
[0;32mI (69) boot:  2 phy_init         RF data          01 01 0000f000 00001000[0m
[0;32mI (75) boot:  3 factory          factory app      00 00 00010000 00100000[0m
[0;32mI (82) boot:  4 ota_0            OTA app          00 10 00110000 00100000[0m
[0;32mI (88) boot:  5 ota_1            OTA app          00 11 00210000 00100000[0m
[0;32mI (95) boot: End of partition table[0m
[0;32mI (98) boot: Defaulting to factory image[0m
[0;32mI (102) esp_image: segment 0: paddr=00010020 vaddr=3f400020 size=20c88h (134280) map[0m
[0;32mI (155) esp_image: segment 1: paddr=00030cb0 vaddr=3ffb0000 size=03f04h ( 16132) load[0m
[0;32mI (162) esp_image: segment 2: paddr=00034bbc vaddr=40080000 size=0b45ch ( 46172) load[0m
[0;32mI (180) esp_image: segment 3: paddr=00040020 vaddr=400d0020 size=a3110h (667920) map[0m
[0;32mI (408) esp_image: segment 4: paddr=000e3138 vaddr=4008b45c size=0cc7ch ( 52348) load[0m
[0;32mI (429) esp_image: segment 5: paddr=000efdbc vaddr=50000000 size=00020h (    32) load[0m
[0;32mI (441) boot: Loaded app from partition at offset 0x10000[0m
[0;32mI (441) boot: Disabling RNG early entropy source...[0m
[0;32mI (451) cpu_start: Multicore app[0m
[0;32mI (460) cpu_start: GPIO 3 and 1 are used as console UART I/O pins[0m
[0;32mI (460) cpu_start: Pro cpu start user code[0m
[0;32mI (460) cpu_start: cpu freq: 160000000 Hz[0m
[0;32mI (462) app_init: Application information:[0m
[0;32mI (465) app_init: Project name:     ESP32_OTA[0m
[0;32mI (470) app_init: App version:      1[0m
[0;32mI (473) app_init: Compile time:     Feb 19 2026 14:36:22[0m
[0;32mI (478) app_init: ELF file SHA256:  aad995ee6...[0m
[0;32mI (482) app_init: ESP-IDF:          v5.5.2[0m
[0;32mI (486) efuse_init: Min chip rev:     v0.0[0m
[0;32mI (490) efuse_init: Max chip rev:     v3.99 [0m
[0;32mI (494) efuse_init: Chip rev:         v3.1[0m
[0;32mI (498) heap_init: Initializing. RAM available for dynamic allocation:[0m
[0;32mI (504) heap_init: At 3FFAE6E0 len 00001920 (6 KiB): DRAM[0m
[0;32mI (509) heap_init: At 3FFB8828 len 000277D8 (157 KiB): DRAM[0m
[0;32mI (514) heap_init: At 3FFE0440 len 00003AE0 (14 KiB): D/IRAM[0m
[0;32mI (520) heap_init: At 3FFE4350 len 0001BCB0 (111 KiB): D/IRAM[0m
[0;32mI (525) heap_init: At 400980D8 len 00007F28 (31 KiB): IRAM[0m
[0;32mI (532) spi_flash: detected chip: generic[0m
[0;32mI (534) spi_flash: flash io: dio[0m
[0;32mI (538) main_task: Started on CPU0[0m
[0;32mI (548) main_task: Calling app_main()[0m
[0;32mI (548) MAIN: ESP32 Booting...[0m
[0;32mI (548) MAIN: System Initialization Started[0m
[0;32mI (568) main_task: Returned from app_main()[0m
[0;32mI (578) wifi:wifi driver task: 3ffc18d8, prio:23, stack:6656, core=0[0m
[0;32mI (588) wifi:wifi firmware version: ee91c8c[0m
[0;32mI (588) wifi:wifi certification version: v7.0[0m
[0;32mI (588) wifi:config NVS flash: enabled[0m
[0;32mI (588) wifi:config nano formatting: disabled[0m
[0;32mI (588) wifi:Init data frame dynamic rx buffer num: 32[0m
[0;32mI (598) wifi:Init static rx mgmt buffer num: 5[0m
[0;32mI (598) wifi:Init management short buffer num: 32[0m
[0;32mI (608) wifi:Init dynamic tx buffer num: 32[0m
[0;32mI (608) wifi:Init static rx buffer size: 1600[0m
[0;32mI (618) wifi:Init static rx buffer num: 10[0m
[0;32mI (618) wifi:Init dynamic rx buffer num: 32[0m
[0;32mI (618) wifi_init: rx ba win: 6[0m
[0;32mI (628) wifi_init: accept mbox: 6[0m
[0;32mI (628) wifi_init: tcpip mbox: 32[0m
[0;32mI (628) wifi_init: udp mbox: 6[0m
[0;32mI (628) wifi_init: tcp mbox: 6[0m
[0;32mI (638) wifi_init: tcp tx win: 5760[0m
[0;32mI (638) wifi_init: tcp rx win: 5760[0m
[0;32mI (638) wifi_init: tcp mss: 1440[0m
[0;32mI (648) wifi_init: WiFi IRAM OP enabled[0m
[0;32mI (648) wifi_init: WiFi RX IRAM OP enabled[0m
[0;32mI (658) wifi:Set ps type: 0, coexist: 0[0m

[0;32mI (658) phy_init: phy_version 4863,a3a4459,Oct 28 2025,14:30:06[0m
[0;32mI (748) wifi:mode : sta (48:e7:29:b6:94:44)[0m
[0;32mI (758) wifi:enable tsf[0m
[0;32mI (758) MAIN: Waiting for WiFi...[0m
[0;32mI (818) wifi:new:<11,0>, old:<1,0>, ap:<255,255>, sta:<11,0>, prof:1, snd_ch_cfg:0x0[0m
[0;32mI (828) wifi:state: init -> auth (0xb0)[0m
[0;32mI (848) wifi:state: auth -> assoc (0x0)[0m
[0;32mI (898) wifi:state: assoc -> run (0x10)[0m
[0;32mI (938) wifi:state: run -> init (0x4a0)[0m
[0;32mI (948) wifi:new:<11,0>, old:<11,0>, ap:<255,255>, sta:<11,0>, prof:1, snd_ch_cfg:0x0[0m
[0;32mI (948) WIFI: Retrying WiFi...[0m
[0;32mI (2758) MAIN: Waiting for WiFi...[0m
[0;32mI (3358) WIFI: Retrying WiFi...[0m
[0;32mI (3378) wifi:new:<11,0>, old:<11,0>, ap:<255,255>, sta:<11,0>, prof:1, snd_ch_cfg:0x0[0m
[0;32mI (3378) wifi:state: init -> auth (0xb0)[0m
[0;32mI (4398) wifi:state: auth -> init (0x200)[0m
[0;32mI (4408) wifi:new:<11,0>, old:<11,0>, ap:<255,255>, sta:<11,0>, prof:1, snd_ch_cfg:0x0[0m
[0;32mI (4408) WIFI: Retrying WiFi...[0m
[0;32mI (4758) MAIN: Waiting for WiFi...[0m
[0;32mI (6758) MAIN: Waiting for WiFi...[0m
[0;32mI (6818) WIFI: Retrying WiFi...[0m
[0;32mI (6968) wifi:new:<1,0>, old:<11,0>, ap:<255,255>, sta:<1,0>, prof:1, snd_ch_cfg:0x0[0m
[0;32mI (6968) wifi:state: init -> auth (0xb0)[0m
[0;32mI (7978) wifi:state: auth -> init (0x200)[0m
[0;32mI (7988) wifi:new:<1,0>, old:<1,0>, ap:<255,255>, sta:<1,0>, prof:1, snd_ch_cfg:0x0[0m
[0;32mI (7988) WIFI: Retrying WiFi...[0m
[0;32mI (8758) MAIN: Waiting for WiFi...[0m
[1;31mE (10398) WIFI: WiFi Failed to Connect[0m
[0;32mI (10758) MAIN: Waiting for WiFi...[0m
[0;32mI (12758) MAIN: Waiting for WiFi...[0m
[0;32mI (14758) MAIN: Waiting for WiFi...[0m
[0;32mI (16758) MAIN: Waiting for WiFi...[0m
[0;32mI (18758) MAIN: Waiting for WiFi...[0m
[0;32mI (20758) MAIN: Waiting for WiFi...[0m
[0;32mI (22758) MAIN: Waiting for WiFi...[0m
[0;32mI (24758) MAIN: Waiting for WiFi...[0m
[0;32mI (26758) MAIN: Waiting for WiFi...[0m
[0;32mI (28758) MAIN: Waiting for WiFi...[0m
[0;32mI (30758) MAIN: Waiting for WiFi...[0m
[0;32mI (32758) MAIN: Waiting for WiFi...[0m
[0;32mI (34758) MAIN: Waiting for WiFi...[0m
[0;32mI (36758) MAIN: Waiting for WiFi...[0m
[0;32mI (38758) MAIN: Waiting for WiFi...[0m
[0;32mI (40758) MAIN: Waiting for WiFi...[0m
[0;32mI (42758) MAIN: Waiting for WiFi...[0m
[0;32mI (44758) MAIN: Waiting for WiFi...[0m
[0;32mI (46758) MAIN: Waiting for WiFi...[0m
[0;32mI (48758) MAIN: Waiting for WiFi...[0m
[0;32mI (50758) MAIN: Waiting for WiFi...[0m
[0;32mI (52758) MAIN: Waiting for WiFi...[0m
[0;32mI (54758) MAIN: Waiting for WiFi...[0m
[0;32mI (56758) MAIN: Waiting for WiFi...[0m
[0;32mI (58758) MAIN: Waiting for WiFi...[0m
[0;32mI (60758) MAIN: Waiting for WiFi...[0m
[0;32mI (62758) MAIN: Waiting for WiFi...[0m
[0;32mI (64758) MAIN: Waiting for WiFi...[0m
[0;32mI (66758) MAIN: Waiting for WiFi...[0m
[0;32mI (68758) MAIN: Waiting for WiFi...[0m
[0;32mI (70758) MAIN: Waiting for WiFi...[0m
[0;32mI (72758) MAIN: Waiting for WiFi...[0m
[0;32mI (74758) MAIN: Waiting for WiFi...[0m
[0;32mI (76758) MAIN: Waiting for WiFi...[0m
[0;32mI (78758) MAIN: Waiting for WiFi...[0m
[0;32mI (80758) MAIN: Waiting for WiFi...[0m
[0;32mI (82758) MAIN: Waiting for WiFi...[0m
[0;32mI (84758) MAIN: Waiting for WiFi...[0m
[0;32mI (86758) MAIN: Waiting for WiFi...[0m
[0;32mI (88758) MAIN: Waiting for WiFi...[0m
[0;32mI (90758) MAIN: Waiting for WiFi...[0m
[0;32mI (92758) MAIN: Waiting for WiFi...[0m
[0;32mI (94758) MAIN: Waiting for WiFi...[0m
[0;32mI (96758) MAIN: Waiting for WiFi...[0m
[0;32mI (98758) MAIN: Waiting for WiFi...[0m
[0;32mI (100758) MAIN: Waiting for WiFi...[0m
[0;32mI (102758) MAIN: Waiting for WiFi...[0m
[0;32mI (104758) MAIN: Waiting for WiFi...[0m
[0;32mI (106758) MAIN: Waiting for WiFi...[0m
[0;32mI (108758) MAIN: Waiting for WiFi...[0m
[0;32mI (110758) MAIN: Waiting for WiFi...[0m
[0;32mI (112758) MAIN: Waiting for WiFi...[0m
[0;32mI (114758) MAIN: Waiting for WiFi...[0m
[0;32mI (116758) MAIN: Waiting for WiFi...[0m
[0;32mI (118758) MAIN: Waiting for WiFi...[0m
[0;32mI (120758) MAIN: Waiting for WiFi...[0m
[0;32mI (122758) MAIN: Waiting for WiFi...[0m
[0;32mI (124758) MAIN: Waiting for WiFi...[0m
[0;32mI (126758) MAIN: Waiting for WiFi...[0m
[0;32mI (128758) MAIN: Waiting for WiFi...[0m
[0;32mI (130758) MAIN: Waiting for WiFi...[0m
[0;32mI (132758) MAIN: Waiting for WiFi...[0m
[0;32mI (134758) MAIN: Waiting for WiFi...[0m
[0;32mI (136758) MAIN: Waiting for WiFi...[0m
[0;32mI (138758) MAIN: Waiting for WiFi...[0m
[0;32mI (140758) MAIN: Waiting for WiFi...[0m
[0;32mI (142758) MAIN: Waiting for WiFi...[0m
[0;32mI (144758) MAIN: Waiting for WiFi...[0m
[0;32mI (146758) MAIN: Waiting for WiFi...[0m
[0;32mI (148758) MAIN: Waiting for WiFi...[0m
[0;32mI (150758) MAIN: Waiting for WiFi...[0m
[0;32mI (152758) MAIN: Waiting for WiFi...[0m
[0;32mI (154758) MAIN: Waiting for WiFi...[0m
[0;32mI (156758) MAIN: Waiting for WiFi...[0m
[0;32mI (158758) MAIN: Waiting for WiFi...[0m
[0;32mI (160758) MAIN: Waiting for WiFi...[0m
[0;32mI (162758) MAIN: Waiting for WiFi...[0m
[0;32mI (164758) MAIN: Waiting for WiFi...[0m
[0;32mI (166758) MAIN: Waiting for WiFi...[0m
[0;32mI (168758) MAIN: Waiting for WiFi...[0m
[0;32mI (170758) MAIN: Waiting for WiFi...[0m
[0;32mI (172758) MAIN: Waiting for WiFi...[0m
[0;32mI (174758) MAIN: Waiting for WiFi...[0m
[0;32mI (176758) MAIN: Waiting for WiFi...[0m
[0;32mI (178758) MAIN: Waiting for WiFi...[0m
[0;32mI (180758) MAIN: Waiting for WiFi...[0m
[0;32mI (182758) MAIN: Waiting for WiFi...[0m
[0;32mI (184758) MAIN: Waiting for WiFi...[0m
[0;32mI (186758) MAIN: Waiting for WiFi...[0m
[0;32mI (188758) MAIN: Waiting for WiFi...[0m
[0;32mI (190758) MAIN: Waiting for WiFi...[0m
[0;32mI (192758) MAIN: Waiting for WiFi...[0m
[0;32mI (194758) MAIN: Waiting for WiFi...[0m
[0;32mI (196758) MAIN: Waiting for WiFi...[0m
[0;32mI (198758) MAIN: Waiting for WiFi...[0m
[0;32mI (200758) MAIN: Waiting for WiFi...[0m
[0;32mI (202758) MAIN: Waiting for WiFi...[0m
[0;32mI (204758) MAIN: Waiting for WiFi...[0m
[0;32mI (206758) MAIN: Waiting for WiFi...[0m
[0;32mI (208758) MAIN: Waiting for WiFi...[0m
[0;32mI (210758) MAIN: Waiting for WiFi...[0m
[0;32mI (212758) MAIN: Waiting for WiFi...[0m
[0;32mI (214758) MAIN: Waiting for WiFi...[0m
[0;32mI (216758) MAIN: Waiting for WiFi...[0m
[0;32mI (218758) MAIN: Waiting for WiFi...[0m
[0;32mI (220758) MAIN: Waiting for WiFi...[0m
[0;32mI (222758) MAIN: Waiting for WiFi...[0m
[0;32mI (224758) MAIN: Waiting for WiFi...[0m
[0;32mI (226758) MAIN: Waiting for WiFi...[0m
[0;32mI (228758) MAIN: Waiting for WiFi...[0m
[0;32mI (230758) MAIN: Waiting for WiFi...[0m
[0;32mI (232758) MAIN: Waiting for WiFi...[0m
[0;32mI (234758) MAIN: Waiting for WiFi...[0m
[0;32mI (236758) MAIN: Waiting for WiFi...[0m
[0;32mI (238758) MAIN: Waiting for WiFi...[0m
[0;32mI (240758) MAIN: Waiting for WiFi...[0m
[0;32mI (242758) MAIN: Waiting for WiFi...[0m
[0;32mI (244758) MAIN: Waiting for WiFi...[0m
[0;32mI (246758) MAIN: Waiting for WiFi...[0m
[0;32mI (248758) MAIN: Waiting for WiFi...[0m
[0;32mI (250758) MAIN: Waiting for WiFi...[0m
[0;32mI (252758) MAIN: Waiting for WiFi...[0m
[0;32mI (254758) MAIN: Waiting for WiFi...[0m
[0;32mI (256758) MAIN: Waiting for WiFi...[0m
[0;32mI (258758) MAIN: Waiting for WiFi...[0m
[0;32mI (260758) MAIN: Waiting for WiFi...[0m
[0;32mI (262758) MAIN: Waiting for WiFi...[0m
[0;32mI (264758) MAIN: Waiting for WiFi...[0m
[0;32mI (266758) MAIN: Waiting for WiFi...[0m
[0;32mI (268758) MAIN: Waiting for WiFi...[0m
[0;32mI (270758) MAIN: Waiting for WiFi...[0m
[0;32mI (272758) MAIN: Waiting for WiFi...[0m
[0;32mI (274758) MAIN: Waiting for WiFi...[0m
[0;32mI (276758) MAIN: Waiting for WiFi...[0m
[0;32mI (278758) MAIN: Waiting for WiFi...[0m
[0;32mI (280758) MAIN: Waiting for WiFi...[0m
[0;32mI (282758) MAIN: Waiting for WiFi...[0m
[0;32mI (284758) MAIN: Waiting for WiFi...[0m
[0;32mI (286758) MAIN: Waiting for WiFi...[0m
[0;32mI (288758) MAIN: Waiting for WiFi...[0m
[0;32mI (290758) MAIN: Waiting for WiFi...[0m
[0;32mI (292758) MAIN: Waiting for WiFi...[0m
[0;32mI (294758) MAIN: Waiting for WiFi...[0m
[0;32mI (296758) MAIN: Waiting for WiFi...[0m
[0;32mI (298758) MAIN: Waiting for WiFi...[0m
[0;32mI (300758) MAIN: Waiting for WiFi...[0m
[0;32mI (302758) MAIN: Waiting for WiFi...[0m
[0;32mI (304758) MAIN: Waiting for WiFi...[0m
[0;32mI (306758) MAIN: Waiting for WiFi...[0m
[0;32mI (308758) MAIN: Waiting for WiFi...[0m
[0;32mI (310758) MAIN: Waiting for WiFi...[0m
[0;32mI (312758) MAIN: Waiting for WiFi...[0m
[0;32mI (314758) MAIN: Waiting for WiFi...[0m
[0;32mI (316758) MAIN: Waiting for WiFi...[0m
[0;32mI (318758) MAIN: Waiting for WiFi...[0m
[0;32mI (320758) MAIN: Waiting for WiFi...[0m
[0;32mI (322758) MAIN: Waiting for WiFi...[0m
[0;32mI (324758) MAIN: Waiting for WiFi...[0m
[0;32mI (326758) MAIN: Waiting for WiFi...[0m
[0;32mI (328758) MAIN: Waiting for WiFi...[0m
[0;32mI (330758) MAIN: Waiting for WiFi...[0m
[0;32mI (332758) MAIN: Waiting for WiFi...[0m
[0;32mI (334758) MAIN: Waiting for WiFi...[0m
[0;32mI (336758) MAIN: Waiting for WiFi...[0m
[0;32mI (338758) MAIN: Waiting for WiFi...[0m
[0;32mI (340758) MAIN: Waiting for WiFi...[0m
[0;32mI (342758) MAIN: Waiting for WiFi...[0m
[0;32mI (344758) MAIN: Waiting for WiFi...[0m
[0;32mI (346758) MAIN: Waiting for WiFi...[0m
ets Jul 29 2019 12:21:46

rst:0x1 (POWERON_RESET),boot:0x13 (SPI_FAST_FLASH_BOOT)
configsip: 0, SPIWP:0xee
clk_drv:0x00,q_drv:0x00,d_drv:0x00,cs0_drv:0x00,hd_drv:0x00,wp_drv:0x00
mode:DIO, clock div:2
load:0x3fff0030,len:6384
load:0x40078000,len:15916
load:0x40080400,len:3920
entry 0x40080644
[0;32mI (27) boot: ESP-IDF v5.5.2 2nd stage bootloader[0m
[0;32mI (27) boot: compile time Feb 19 2026 14:37:34[0m
[0;32mI (28) boot: Multicore bootloader[0m
[0;32mI (29) boot: chip revision: v3.1[0m
[0;32mI (32) boot.esp32: SPI Speed      : 40MHz[0m
[0;32mI (35) boot.esp32: SPI Mode       : DIO[0m
[0;32mI (39) boot.esp32: SPI Flash Size : 4MB[0m
[0;32mI (42) boot: Enabling RNG early entropy source...[0m
[0;32mI (47) boot: Partition Table:[0m
[0;32mI (49) boot: ## Label            Usage          Type ST Offset   Length[0m
[0;32mI (56) boot:  0 nvs              WiFi data        01 02 00009000 00004000[0m
[0;32mI (62) boot:  1 otadata          OTA data         01 00 0000d000 00002000[0m
[0;32mI (69) boot:  2 phy_init         RF data          01 01 0000f000 00001000[0m
[0;32mI (75) boot:  3 factory          factory app      00 00 00010000 00100000[0m
[0;32mI (82) boot:  4 ota_0            OTA app          00 10 00110000 00100000[0m
[0;32mI (88) boot:  5 ota_1            OTA app          00 11 00210000 00100000[0m
[0;32mI (95) boot: End of partition table[0m
[0;32mI (98) boot: Defaulting to factory image[0m
[0;32mI (102) esp_image: segment 0: paddr=00010020 vaddr=3f400020 size=20c88h (134280) map[0m
[0;32mI (155) esp_image: segment 1: paddr=00030cb0 vaddr=3ffb0000 size=03f04h ( 16132) load[0m
[0;32mI (162) esp_image: segment 2: paddr=00034bbc vaddr=40080000 size=0b45ch ( 46172) load[0m
[0;32mI (180) esp_image: segment 3: paddr=00040020 vaddr=400d0020 size=a3110h (667920) map[0m
[0;32mI (408) esp_image: segment 4: paddr=000e3138 vaddr=4008b45c size=0cc7ch ( 52348) load[0m
[0;32mI (429) esp_image: segment 5: paddr=000efdbc vaddr=50000000 size=00020h (    32) load[0m
[0;32mI (441) boot: Loaded app from partition at offset 0x10000[0m
[0;32mI (441) boot: Disabling RNG early entropy source...[0m
[0;32mI (451) cpu_start: Multicore app[0m
[0;32mI (460) cpu_start: GPIO 3 and 1 are used as console UART I/O pins[0m
[0;32mI (460) cpu_start: Pro cpu start user code[0m
[0;32mI (460) cpu_start: cpu freq: 160000000 Hz[0m
[0;32mI (462) app_init: Application information:[0m
[0;32mI (465) app_init: Project name:     ESP32_OTA[0m
[0;32mI (470) app_init: App version:      1[0m
[0;32mI (473) app_init: Compile time:     Feb 19 2026 14:36:22[0m
[0;32mI (478) app_init: ELF file SHA256:  aad995ee6...[0m
[0;32mI (482) app_init: ESP-IDF:          v5.5.2[0m
[0;32mI (486) efuse_init: Min chip rev:     v0.0[0m
[0;32mI (490) efuse_init: Max chip rev:     v3.99 [0m
[0;32mI (494) efuse_init: Chip rev:         v3.1[0m
[0;32mI (498) heap_init: Initializing. RAM available for dynamic allocation:[0m
[0;32mI (504) heap_init: At 3FFAE6E0 len 00001920 (6 KiB): DRAM[0m
[0;32mI (509) heap_init: At 3FFB8828 len 000277D8 (157 KiB): DRAM[0m
[0;32mI (514) heap_init: At 3FFE0440 len 00003AE0 (14 KiB): D/IRAM[0m
[0;32mI (520) heap_init: At 3FFE4350 len 0001BCB0 (111 KiB): D/IRAM[0m
[0;32mI (525) heap_init: At 400980D8 len 00007F28 (31 KiB): IRAM[0m
[0;32mI (532) spi_flash: detected chip: generic[0m
[0;32mI (534) spi_flash: flash io: dio[0m
[0;32mI (538) main_task: Started on CPU0[0m
[0;32mI (548) main_task: Calling app_main()[0m
[0;32mI (548) MAIN: ESP32 Booting...[0m
[0;32mI (548) MAIN: System Initialization Started[0m
[0;32mI (568) main_task: Returned from app_main()[0m
[0;32mI (578) wifi:wifi driver task: 3ffc18d8, prio:23, stack:6656, core=0[0m
[0;32mI (588) wifi:wifi firmware version: ee91c8c[0m
[0;32mI (588) wifi:wifi certification version: v7.0[0m
[0;32mI (588) wifi:config NVS flash: enabled[0m
[0;32mI (588) wifi:config nano formatting: disabled[0m
[0;32mI (588) wifi:Init data frame dynamic rx buffer num: 32[0m
[0;32mI (598) wifi:Init static rx mgmt buffer num: 5[0m
[0;32mI (598) wifi:Init management short buffer num: 32[0m
[0;32mI (608) wifi:Init dynamic tx buffer num: 32[0m
[0;32mI (608) wifi:Init static rx buffer size: 1600[0m
[0;32mI (618) wifi:Init static rx buffer num: 10[0m
[0;32mI (618) wifi:Init dynamic rx buffer num: 32[0m
[0;32mI (618) wifi_init: rx ba win: 6[0m
[0;32mI (628) wifi_init: accept mbox: 6[0m
[0;32mI (628) wifi_init: tcpip mbox: 32[0m
[0;32mI (628) wifi_init: udp mbox: 6[0m
[0;32mI (628) wifi_init: tcp mbox: 6[0m
[0;32mI (638) wifi_init: tcp tx win: 5760[0m
[0;32mI (638) wifi_init: tcp rx win: 5760[0m
[0;32mI (638) wifi_init: tcp mss: 1440[0m
[0;32mI (648) wifi_init: WiFi IRAM OP enabled[0m
[0;32mI (648) wifi_init: WiFi RX IRAM OP enabled[0m
[0;32mI (658) wifi:Set ps type: 0, coexist: 0[0m

[0;32mI (658) phy_init: phy_version 4863,a3a4459,Oct 28 2025,14:30:06[0m
[0;32mI (748) wifi:mode : sta (48:e7:29:b6:94:44)[0m
[0;32mI (748) wifi:enable tsf[0m
[0;32mI (748) MAIN: Waiting for WiFi...[0m
[0;32mI (878) wifi:new:<1,0>, old:<1,0>, ap:<255,255>, sta:<1,0>, prof:1, snd_ch_cfg:0x0[0m
[0;32mI (878) wifi:state: init -> auth (0xb0)[0m
[0;32mI (898) wifi:state: auth -> assoc (0x0)[0m
[0;32mI (928) wifi:state: assoc -> run (0x10)[0m
[0;32mI (988) wifi:connected with Ajay, aid = 9, channel 1, BW20, bssid = 82:d8:c6:74:2b:3f[0m
[0;32mI (988) wifi:security: WPA2-PSK, phy: bgn, rssi: -20[0m
[0;32mI (998) wifi:pm start, type: 0[0m

[0;32mI (998) wifi:dp: 1, bi: 102400, li: 3, scale listen interval from 307200 us to 307200 us[0m
[0;32mI (1018) wifi:dp: 2, bi: 102400, li: 4, scale listen interval from 307200 us to 409600 us[0m
[0;32mI (1018) wifi:AP's beacon interval = 102400 us, DTIM period = 2[0m
[0;32mI (1028) wifi:<ba-add>idx:0 (ifx:0, 82:d8:c6:74:2b:3f), tid:0, ssn:0, winSize:64[0m
[0;32mI (2058) esp_netif_handlers: sta ip: 10.29.191.230, mask: 255.255.255.0, gw: 10.29.191.48[0m
[0;32mI (2058) WIFI: WiFi Connected[0m
[0;32mI (2748) MAIN: WiFi Connected Successfully[0m
[0;32mI (2748) MAIN: System Ready[0m
[0;32mI (4838) MQTT: MQTT Connected[0m
[0;32mI (4848) MQTT: BootNotification Sent[0m
[0;32mI (4848) MQTT: Subscribed to control topic[0m
[0;32mI (4848) MQTT: Heartbeat Sent[0m
[0;32mI (34848) MQTT: Heartbeat Sent[0m
[0;32mI (64848) MQTT: Heartbeat Sent[0m
[0;32mI (94848) MQTT: Heartbeat Sent[0m
[0;32mI (124848) MQTT: Heartbeat Sent[0m
ï¿½ï¿½ï¿½ï¿½ï¿½ï¿½ï¿½ï¿½ï¿½ï¿½ï¿½ï¿½ï¿½ï¿½ï¿½ï¿½ï¿½ï¿½ï¿½ï¿½ï¿½ï¿½ï¿½ï¿½ï¿½ï¿½ï¿½ï¿½ï¿½ï¿½ï¿½ï¿½ï¿½ï¿½ï¿½ï¿½ï¿½ï¿½ï¿½ï¿½ï¿½ï¿½ï¿½ï¿½ï¿½ï¿½ï¿½ï¿½ï¿½ï¿½ï¿½ï¿½ï¿½ï¿½ï¿½ï¿½ï¿½ï¿½ï¿½ï¿½ï¿½ï¿½ï¿½ï¿½53488) wifi:sta rx csa, newchan=11, old=1
[0;32mI (153588) wifi:sta rx csa, newchan=11, old=1[0m
[0;32mI (153688) wifi:sta rx csa, newchan=11, old=1[0m
[0;32mI (153788) wifi:sta rx csa, newchan=11, old=1[0m
[0;32mI (153898) wifi:sta rx csa, newchan=11, old=1[0m
[0;32mI (153998) wifi:sta rx csa, newchan=11, old=1[0m
[0;32mI (154098) wifi:sta rx csa, newchan=11, old=1[0m
[0;32mI (154198) wifi:sta rx csa, newchan=11, old=1[0m
[0;32mI (154308) wifi:sta rx csa, newchan=11, old=1[0m
[0;32mI (154408) wifi:sta rx csa, newchan=11, old=1[0m
[0;32mI (154588) wifi:switch to channel 11[0m
[0;32mI (154588) wifi:new:<11,0>, old:<1,0>, ap:<255,255>, sta:<11,0>, prof:1, snd_ch_cfg:0x0[0m
[0;32mI (154848) MQTT: Heartbeat Sent[0m
[0;32mI (184848) MQTT: Heartbeat Sent[0m
[0;32mI (214848) MQTT: Heartbeat Sent[0m
